 Downloading crates ...
  Downloaded clipboard-win v5.4.1
  Downloaded error-code v3.4.0
    Checking typenum v1.20.1
    Checking regex-automata v0.4.18
    Checking hybrid-array v0.4.14
    Checking crypto-common v0.2.2
    Checking either v1.18.0
    Checking zeroize v1.9.0
    Checking cmov v0.5.4
    Checking block-buffer v0.12.1
    Checking ctutils v0.4.2
    Checking itertools v0.14.0
    Checking const-oid v0.10.2
    Checking digest v0.11.3
    Checking lock_api v0.4.14
    Checking zlib-rs v0.6.7
    Checking unicode-truncate v2.0.1
    Checking ratatui-core v0.1.2
    Checking flate2 v1.1.10
   Compiling zstd-sys v2.0.16+zstd.1.5.7
    Checking parking_lot v0.12.5
    Checking bstr v1.13.1
    Checking cpufeatures v0.3.1
   Compiling getrandom v0.4.3
   Compiling onig_sys v69.9.3
   Compiling zstd-safe v7.2.4
    Checking ratatui-widgets v0.3.2
    Checking crossterm v0.29.0
    Checking windows-sys v0.60.2
    Checking regex v1.13.1
    Checking inout v0.2.2
    Checking bit-vec v0.8.0
    Checking bit-set v0.8.0
    Checking png v0.18.1
    Checking cipher v0.5.2
    Checking ratatui-crossterm v0.1.2
    Checking ratatui-macros v0.7.2
   Compiling mlua-sys v0.12.0
    Checking sha2 v0.11.0
    Checking hmac v0.13.0
    Checking cpubits v0.1.1
    Checking bumpalo v3.20.3
    Checking foldhash v0.1.5
    Checking rustc-hash v2.1.3
    Checking libbz2-rs-sys v0.2.5
    Checking error-code v3.4.0
    Checking clipboard-win v5.4.1
    Checking tempfile v3.27.0
    Checking bzip2 v0.6.1
    Checking hashbrown v0.15.5
    Checking zopfli v0.8.3
    Checking aes v0.9.3
    Checking notify v8.2.0
    Checking pbkdf2 v0.13.0
    Checking lzma-rust2 v0.16.5
    Checking zstd v0.13.3
    Checking ratatui v0.30.2
    Checking onig v6.5.3
    Checking image v0.25.10
    Checking fancy-regex v0.17.0
    Checking sha1 v0.11.0
    Checking globset v0.4.20
    Checking filetime v0.2.29
    Checking lazy_static v1.5.0
    Checking fixedbitset v0.5.7
    Checking ppmd-rust v1.4.0
    Checking typed-path v0.12.3
    Checking constant_time_eq v0.4.2
    Checking deflate64 v0.1.12
    Checking zip v8.6.0
    Checking syntect v5.3.0
    Checking ratatui-image v11.0.6
    Checking petgraph v0.8.3
    Checking tiktoken-rs v0.12.0
    Checking tar v0.4.46
    Checking ignore v0.4.33
    Checking mlua v0.12.1
    Checking notify-debouncer-mini v0.7.0
    Checking arboard v3.6.1
    Checking predicates v3.1.4
    Checking assert_cmd v2.2.2
    Checking fileview v2.8.4 (/tmp/fv-work)
    Finished `dev` profile [unoptimized] target(s) in 13.96s
