 Downloading crates ...
  Downloaded windows-interface v0.58.0
  Downloaded crossterm_winapi v0.9.1
  Downloaded winapi-util v0.1.11
  Downloaded windows-implement v0.58.0
  Downloaded windows-strings v0.5.1
  Downloaded windows-interface v0.59.3
  Downloaded windows-strings v0.1.0
  Downloaded windows-targets v0.52.6
  Downloaded windows-interface v0.56.0
  Downloaded windows-implement v0.60.2
  Downloaded windows-targets v0.53.5
  Downloaded windows-link v0.2.1
  Downloaded windows-result v0.1.2
  Downloaded windows-result v0.2.0
  Downloaded windows-result v0.4.1
  Downloaded safe_arch v1.2.0
  Downloaded windows-implement v0.56.0
  Downloaded windows-core v0.62.2
  Downloaded windows-core v0.58.0
  Downloaded windows-core v0.56.0
  Downloaded windows_x86_64_gnu v0.52.6
  Downloaded windows_x86_64_gnu v0.53.1
  Downloaded winapi v0.3.9
  Downloaded windows-sys v0.59.0
  Downloaded windows-sys v0.61.2
  Downloaded windows-sys v0.60.2
  Downloaded winapi-x86_64-pc-windows-gnu v0.4.0
  Downloaded windows v0.58.0
  Downloaded windows v0.56.0
    Checking cfg-if v1.0.4
   Compiling syn v2.0.119
    Checking windows-link v0.2.1
    Checking bitflags v2.13.1
   Compiling libm v0.2.16
    Checking memchr v2.8.3
    Checking foldhash v0.2.0
    Checking equivalent v1.0.2
    Checking allocator-api2 v0.2.21
   Compiling windows_x86_64_gnu v0.52.6
   Compiling thiserror v2.0.20
   Compiling num-traits v0.2.19
    Checking hashbrown v0.17.1
    Checking windows-sys v0.61.2
   Compiling serde_core v1.0.229
    Checking windows-targets v0.52.6
    Checking itoa v1.0.18
    Checking either v1.18.0
   Compiling winapi-x86_64-pc-windows-gnu v0.4.0
    Checking unicode-segmentation v1.13.3
    Checking regex-syntax v0.8.11
    Checking simd-adler32 v0.3.10
   Compiling strum_macros v0.28.0
    Checking itertools v0.14.0
    Checking bytemuck v1.25.2
    Checking castaway v0.2.4
    Checking hashbrown v0.16.1
    Checking aho-corasick v1.1.5
    Checking deranged v0.5.8
    Checking static_assertions v1.1.0
    Checking num-conv v0.2.2
    Checking unicode-width v0.2.2
    Checking ryu v1.0.23
    Checking scopeguard v1.2.0
    Checking time-core v0.1.9
    Checking adler2 v2.0.1
   Compiling winapi v0.3.9
    Checking powerfmt v0.2.0
    Checking time v0.3.55
    Checking compact_str v0.9.1
    Checking unicode-truncate v2.0.1
   Compiling parking_lot_core v0.9.12
    Checking regex-automata v0.4.18
   Compiling crc32fast v1.5.1
    Checking kasuari v0.4.12
    Checking strum v0.28.0
    Checking winapi-util v0.1.11
    Checking lru v0.18.3
    Checking critical-section v1.2.0
    Checking smallvec v1.15.2
   Compiling windows_x86_64_gnu v0.53.1
   Compiling libc v0.2.189
   Compiling zerocopy v0.8.56
    Checking ratatui-core v0.1.2
   Compiling radium v0.7.0
    Checking same-file v1.0.6
   Compiling derive_more-impl v2.1.1
    Checking miniz_oxide v0.9.1
    Checking lock_api v0.4.14
    Checking tap v1.0.1
    Checking rand_core v0.10.1
    Checking log v0.4.34
   Compiling ref-cast v1.0.27
   Compiling palette_derive v0.7.7
   Compiling crossbeam-utils v0.8.23
   Compiling serde v1.0.229
    Checking flate2 v1.1.10
    Checking wyz v0.5.1
    Checking parking_lot v0.12.5
    Checking derive_more v2.1.1
    Checking crossterm_winapi v0.9.1
    Checking walkdir v2.5.0
    Checking safe_arch v1.2.0
    Checking windows-result v0.2.0
    Checking palette_math v0.7.7
    Checking line-clipping v0.3.8
    Checking getrandom v0.2.17
    Checking once_cell v1.21.4
    Checking funty v2.0.0
    Checking bitvec v1.1.1
    Checking ppv-lite86 v0.2.21
   Compiling crossbeam-epoch v0.9.21
   Compiling zmij v1.0.23
   Compiling getrandom v0.4.3
    Checking rand_core v0.6.4
    Checking ratatui-widgets v0.3.2
    Checking palette v0.7.7
    Checking windows-strings v0.1.0
    Checking wide v1.7.0
    Checking windows-targets v0.53.5
    Checking crossterm v0.29.0
   Compiling onig_sys v69.9.3
    Checking rand_xoshiro v0.8.1
    Checking rand v0.10.2
    Checking bstr v1.13.1
    Checking miniz_oxide v0.8.9
    Checking fdeflate v0.3.7
    Checking ordered-float v5.5.0
   Compiling windows-implement v0.58.0
   Compiling windows-interface v0.58.0
   Compiling windows-implement v0.56.0
   Compiling windows-interface v0.56.0
    Checking windows-result v0.1.2
    Checking pxfm v0.1.30
    Checking weezl v0.1.12
    Checking quick-error v2.0.1
    Checking byteorder-lite v0.1.0
    Checking zune-core v0.5.3
    Checking color_quant v1.1.0
   Compiling crossbeam-deque v0.8.8
   Compiling serde_json v1.0.151
    Checking gif v0.14.2
    Checking zune-jpeg v0.5.15
    Checking moxcms v0.8.1
    Checking image-webp v0.2.4
   Compiling thiserror v1.0.69
    Checking windows-core v0.56.0
    Checking windows-core v0.58.0
    Checking quantette v0.6.0
    Checking png v0.18.1
    Checking ratatui-crossterm v0.1.2
    Checking windows-sys v0.60.2
    Checking ratatui-macros v0.7.2
    Checking rand_chacha v0.3.1
    Checking regex v1.13.1
   Compiling thiserror-impl v1.0.69
    Checking indexmap v2.14.1
    Checking quick-xml v0.41.0
    Checking notify-types v2.1.0
    Checking option-ext v0.2.0
    Checking vsimd v0.8.0
    Checking outref v0.5.2
    Checking base64 v0.22.1
    Checking winnow v1.0.4
    Checking linked-hash-map v0.5.6
    Checking fastrand v2.5.0
    Checking toml_parser v1.1.3+spec-1.1.0
    Checking tempfile v3.27.0
    Checking yaml-rust v0.4.5
   Compiling anyhow v1.0.104
    Checking base64-simd v0.8.0
    Checking plist v1.10.0
    Checking notify v8.2.0
    Checking dirs-sys v0.5.0
   Compiling ratatui-image v11.0.6
    Checking rand v0.8.8
    Checking ratatui v0.30.2
    Checking image v0.25.10
    Checking icy_sixel v0.5.1
    Checking onig v6.5.3
    Checking windows v0.58.0
    Checking windows v0.56.0
    Checking globset v0.4.20
    Checking bincode v1.3.3
    Checking serde_spanned v1.1.1
    Checking toml_datetime v1.1.1+spec-1.1.0
    Checking fnv v1.0.7
    Checking toml_writer v1.1.2+spec-1.1.0
    Checking predicates-core v1.0.10
    Checking self_cell v1.3.0
    Checking toml v1.1.4+spec-1.1.0
    Checking syntect v5.3.0
    Checking ignore v0.4.33
    Checking dirs v6.0.0
    Checking notify-debouncer-mini v0.7.0
    Checking nucleo-matcher v0.3.1
    Checking float-cmp v0.10.0
    Checking termtree v0.5.1
    Checking normalize-line-endings v0.3.0
    Checking anstyle v1.0.14
    Checking difflib v0.4.0
    Checking predicates v3.1.4
   Compiling assert_cmd v2.2.2
    Checking predicates-tree v1.0.13
    Checking wait-timeout v0.2.1
    Checking trash v5.2.6
    Checking fileview v2.8.4 (/tmp/fv-work)
    Finished `dev` profile [unoptimized] target(s) in 18.10s
